// Jest Snapshot v1, https://goo.gl/fbAQLP

exports[`Verifying ErrorMessage in View Verifying ErrorMessage  1`] = `ShallowWrapper {}`;
