// Jest Snapshot v1, https://goo.gl/fbAQLP

exports[`Verifying AutoCompleteItem in View Verifying AutoComplete click and AutoCompleteItem is displaying 1`] = `ShallowWrapper {}`;
