// Jest Snapshot v1, https://goo.gl/fbAQLP

exports[`DropdownView  Failed validation display required message 1`] = `ReactWrapper {}`;

exports[`DropdownView  Success validation does not display required message 1`] = `ReactWrapper {}`;
