// Jest Snapshot v1, https://goo.gl/fbAQLP

exports[`backdrop tests hide backdrop 1`] = `ReactWrapper {}`;

exports[`backdrop tests show backdrop 1`] = `ReactWrapper {}`;
